// Jest Snapshot v1, https://jestjs.io/docs/snapshot-testing

exports[`Footer should render the component correctly 1`] = `
{
  "asFragment": [Function],
  "baseElement": <body>
    <div>
      <footer
        class="flex h-14 w-full items-center justify-center border-t border-neutral-200 px-8 text-[0.8125rem] font-light dark:border-white/20"
      >
        <p
          class="text-center"
        >
          2025 TIC-TAC-TOE by
           
          <a
            class="font-medium text-blue-600 transition-colors duration-200 hover:text-blue-800 dark:text-blue-400 dark:hover:text-blue-300"
            href="https://github.com/alexsantosquispe"
            rel="noopener noreferrer"
            target="_blank"
          >
            Alex Santos
          </a>
          . All rights reserved.
        </p>
      </footer>
    </div>
  </body>,
  "container": <div>
    <footer
      class="flex h-14 w-full items-center justify-center border-t border-neutral-200 px-8 text-[0.8125rem] font-light dark:border-white/20"
    >
      <p
        class="text-center"
      >
        2025 TIC-TAC-TOE by
         
        <a
          class="font-medium text-blue-600 transition-colors duration-200 hover:text-blue-800 dark:text-blue-400 dark:hover:text-blue-300"
          href="https://github.com/alexsantosquispe"
          rel="noopener noreferrer"
          target="_blank"
        >
          Alex Santos
        </a>
        . All rights reserved.
      </p>
    </footer>
  </div>,
  "debug": [Function],
  "findAllByAltText": [Function],
  "findAllByDisplayValue": [Function],
  "findAllByLabelText": [Function],
  "findAllByPlaceholderText": [Function],
  "findAllByRole": [Function],
  "findAllByTestId": [Function],
  "findAllByText": [Function],
  "findAllByTitle": [Function],
  "findByAltText": [Function],
  "findByDisplayValue": [Function],
  "findByLabelText": [Function],
  "findByPlaceholderText": [Function],
  "findByRole": [Function],
  "findByTestId": [Function],
  "findByText": [Function],
  "findByTitle": [Function],
  "getAllByAltText": [Function],
  "getAllByDisplayValue": [Function],
  "getAllByLabelText": [Function],
  "getAllByPlaceholderText": [Function],
  "getAllByRole": [Function],
  "getAllByTestId": [Function],
  "getAllByText": [Function],
  "getAllByTitle": [Function],
  "getByAltText": [Function],
  "getByDisplayValue": [Function],
  "getByLabelText": [Function],
  "getByPlaceholderText": [Function],
  "getByRole": [Function],
  "getByTestId": [Function],
  "getByText": [Function],
  "getByTitle": [Function],
  "queryAllByAltText": [Function],
  "queryAllByDisplayValue": [Function],
  "queryAllByLabelText": [Function],
  "queryAllByPlaceholderText": [Function],
  "queryAllByRole": [Function],
  "queryAllByTestId": [Function],
  "queryAllByText": [Function],
  "queryAllByTitle": [Function],
  "queryByAltText": [Function],
  "queryByDisplayValue": [Function],
  "queryByLabelText": [Function],
  "queryByPlaceholderText": [Function],
  "queryByRole": [Function],
  "queryByTestId": [Function],
  "queryByText": [Function],
  "queryByTitle": [Function],
  "rerender": [Function],
  "unmount": [Function],
}
`;
